2024-05-13T12:06:52.158+0200: 1454675.951: [GC pause (G1 Evacuation Pause) (young), 0.0200467 secs]
   [Parallel Time: 15.2 ms, GC Workers: 3]
      [GC Worker Start (ms): Min: 1454675951.9, Avg: 1454675951.9, Max: 1454675951.9, Diff: 0.0]
      [Ext Root Scanning (ms): Min: 4.1, Avg: 4.4, Max: 4.7, Diff: 0.6, Sum: 13.3]
      [Update RS (ms): Min: 3.6, Avg: 3.6, Max: 3.6, Diff: 0.1, Sum: 10.8]
         [Processed Buffers: Min: 31, Avg: 48.0, Max: 65, Diff: 34, Sum: 144]
      [Scan RS (ms): Min: 0.6, Avg: 0.6, Max: 0.6, Diff: 0.0, Sum: 1.8]
      [Code Root Scanning (ms): Min: 0.0, Avg: 0.0, Max: 0.0, Diff: 0.0, Sum: 0.1]
      [Object Copy (ms): Min: 6.1, Avg: 6.4, Max: 6.7, Diff: 0.6, Sum: 19.1]
      [Termination (ms): Min: 0.0, Avg: 0.0, Max: 0.0, Diff: 0.0, Sum: 0.0]
         [Termination Attempts: Min: 1, Avg: 1.0, Max: 1, Diff: 0, Sum: 3]
      [GC Worker Other (ms): Min: 0.1, Avg: 0.1, Max: 0.1, Diff: 0.1, Sum: 0.2]
      [GC Worker Total (ms): Min: 15.1, Avg: 15.1, Max: 15.1, Diff: 0.1, Sum: 45.3]
      [GC Worker End (ms): Min: 1454675967.0, Avg: 1454675967.0, Max: 1454675967.0, Diff: 0.0]
   [Code Root Fixup: 0.0 ms]
   [Code Root Purge: 0.0 ms]
   [Clear CT: 1.5 ms]
   [Other: 3.3 ms]
      [Choose CSet: 0.0 ms]
      [Ref Proc: 0.5 ms]
      [Ref Enq: 0.0 ms]
      [Redirty Cards: 0.1 ms]
      [Humongous Register: 0.7 ms]
      [Humongous Reclaim: 0.1 ms]
      [Free CSet: 1.5 ms]
   [Eden: 3644.0M(3644.0M)->0.0B(3644.0M) Survivors: 28672.0K->28672.0K Heap: 5338.9M(6122.0M)->1690.1M(6122.0M)]
Heap after GC invocations=1214 (full 0):
 garbage-first heap   total 6268928K, used 1730652K [0x0000000641600000, 0x0000000641805fa8, 0x00000007c0000000)
  region size 2048K, 14 young (28672K), 14 survivors (28672K)
 Metaspace       used 160595K, capacity 164757K, committed 164912K, reserved 1193984K
  class space    used 19251K, capacity 19936K, committed 20016K, reserved 1048576K
}
 [Times: user=0.05 sys=0.00, real=0.02 secs]
{Heap before GC invocations=1214 (full 0):
 garbage-first heap   total 6268928K, used 5468508K [0x0000000641600000, 0x0000000641805fa8, 0x00000007c0000000)
  region size 2048K, 1836 young (3760128K), 14 survivors (28672K)
 Metaspace       used 160595K, capacity 164757K, committed 164912K, reserved 1193984K
  class space    used 19251K, capacity 19936K, committed 20016K, reserved 1048576K
2024-05-13T12:08:50.550+0200: 1454794.343: [GC pause (G1 Evacuation Pause) (young), 0.0159856 secs]
   [Parallel Time: 12.8 ms, GC Workers: 3]
      [GC Worker Start (ms): Min: 1454794343.0, Avg: 1454794343.1, Max: 1454794343.1, Diff: 0.0]
      [Ext Root Scanning (ms): Min: 3.2, Avg: 3.5, Max: 3.7, Diff: 0.4, Sum: 10.4]
      [Update RS (ms): Min: 3.0, Avg: 3.0, Max: 3.0, Diff: 0.1, Sum: 9.0]
         [Processed Buffers: Min: 44, Avg: 47.7, Max: 52, Diff: 8, Sum: 143]
      [Scan RS (ms): Min: 0.5, Avg: 0.5, Max: 0.6, Diff: 0.1, Sum: 1.6]
      [Code Root Scanning (ms): Min: 0.0, Avg: 0.0, Max: 0.0, Diff: 0.0, Sum: 0.1]
      [Object Copy (ms): Min: 5.4, Avg: 5.6, Max: 5.8, Diff: 0.4, Sum: 16.8]
      [Termination (ms): Min: 0.0, Avg: 0.0, Max: 0.0, Diff: 0.0, Sum: 0.0]
         [Termination Attempts: Min: 1, Avg: 1.0, Max: 1, Diff: 0, Sum: 3]
      [GC Worker Other (ms): Min: 0.0, Avg: 0.1, Max: 0.1, Diff: 0.1, Sum: 0.2]
      [GC Worker Total (ms): Min: 12.6, Avg: 12.7, Max: 12.7, Diff: 0.1, Sum: 38.0]
      [GC Worker End (ms): Min: 1454794355.7, Avg: 1454794355.7, Max: 1454794355.8, Diff: 0.1]
   [Code Root Fixup: 0.0 ms]
   [Code Root Purge: 0.0 ms]
   [Clear CT: 0.6 ms]
   [Other: 2.5 ms]
      [Choose CSet: 0.0 ms]
      [Ref Proc: 0.5 ms]
      [Ref Enq: 0.0 ms]
      [Redirty Cards: 0.1 ms]
      [Humongous Register: 0.1 ms]
      [Humongous Reclaim: 0.1 ms]
      [Free CSet: 1.4 ms]
   [Eden: 3644.0M(3644.0M)->0.0B(3646.0M) Survivors: 28672.0K->26624.0K Heap: 5340.3M(6122.0M)->1688.2M(6122.0M)]
Heap after GC invocations=1215 (full 0):
 garbage-first heap   total 6268928K, used 1728722K [0x0000000641600000, 0x0000000641805fa8, 0x00000007c0000000)
  region size 2048K, 13 young (26624K), 13 survivors (26624K)
 Metaspace       used 160595K, capacity 164757K, committed 164912K, reserved 1193984K
  class space    used 19251K, capacity 19936K, committed 20016K, reserved 1048576K
}
 [Times: user=0.04 sys=0.00, real=0.02 secs]
{Heap before GC invocations=1215 (full 0):
 garbage-first heap   total 6268928K, used 5465426K [0x0000000641600000, 0x0000000641805fa8, 0x00000007c0000000)
  region size 2048K, 1836 young (3760128K), 13 survivors (26624K)
 Metaspace       used 160595K, capacity 164757K, committed 164912K, reserved 1193984K
  class space    used 19251K, capacity 19936K, committed 20016K, reserved 1048576K
2024-05-13T12:10:26.692+0200: 1454890.485: [GC pause (G1 Evacuation Pause) (young), 0.0164133 secs]
   [Parallel Time: 12.2 ms, GC Workers: 3]
      [GC Worker Start (ms): Min: 1454890485.3, Avg: 1454890485.3, Max: 1454890485.4, Diff: 0.0]
      [Ext Root Scanning (ms): Min: 3.3, Avg: 3.5, Max: 3.6, Diff: 0.2, Sum: 10.5]
      [Update RS (ms): Min: 2.4, Avg: 2.4, Max: 2.4, Diff: 0.0, Sum: 7.2]
         [Processed Buffers: Min: 27, Avg: 39.3, Max: 51, Diff: 24, Sum: 118]
      [Scan RS (ms): Min: 0.5, Avg: 0.5, Max: 0.5, Diff: 0.1, Sum: 1.6]
      [Code Root Scanning (ms): Min: 0.0, Avg: 0.0, Max: 0.0, Diff: 0.0, Sum: 0.1]
      [Object Copy (ms): Min: 5.5, Avg: 5.6, Max: 5.7, Diff: 0.2, Sum: 16.7]
      [Termination (ms): Min: 0.0, Avg: 0.1, Max: 0.1, Diff: 0.1, Sum: 0.2]
         [Termination Attempts: Min: 1, Avg: 1.0, Max: 1, Diff: 0, Sum: 3]
      [GC Worker Other (ms): Min: 0.0, Avg: 0.0, Max: 0.0, Diff: 0.0, Sum: 0.1]
      [GC Worker Total (ms): Min: 12.1, Avg: 12.1, Max: 12.1, Diff: 0.1, Sum: 36.3]
      [GC Worker End (ms): Min: 1454890497.4, Avg: 1454890497.4, Max: 1454890497.4, Diff: 0.0]
   [Code Root Fixup: 0.0 ms]
   [Code Root Purge: 0.0 ms]
   [Clear CT: 0.7 ms]
   [Other: 3.5 ms]
      [Choose CSet: 0.0 ms]
      [Ref Proc: 0.7 ms]
      [Ref Enq: 0.0 ms]
      [Redirty Cards: 0.1 ms]
      [Humongous Register: 0.1 ms]
      [Humongous Reclaim: 0.2 ms]
      [Free CSet: 2.0 ms]
   [Eden: 3646.0M(3646.0M)->0.0B(3650.0M) Survivors: 26624.0K->22528.0K Heap: 5337.3M(6122.0M)->1689.2M(6122.0M)]
Heap after GC invocations=1216 (full 0):
 garbage-first heap   total 6268928K, used 1729731K [0x0000000641600000, 0x0000000641805fa8, 0x00000007c0000000)
  region size 2048K, 11 young (22528K), 11 survivors (22528K)
 Metaspace       used 160595K, capacity 164757K, committed 164912K, reserved 1193984K
  class space    used 19251K, capacity 19936K, committed 20016K, reserved 1048576K
}
 [Times: user=0.04 sys=0.00, real=0.01 secs]
{Heap before GC invocations=1216 (full 0):
 garbage-first heap   total 6268928K, used 5473730K [0x0000000641600000, 0x0000000641805fa8, 0x00000007c0000000)
  region size 2048K, 1836 young (3760128K), 11 survivors (22528K)
 Metaspace       used 160595K, capacity 164757K, committed 164912K, reserved 1193984K
  class space    used 19251K, capacity 19936K, committed 20016K, reserved 1048576K
2024-05-13T12:12:01.066+0200: 1454984.859: [GC pause (G1 Evacuation Pause) (young), 0.0166235 secs]
   [Parallel Time: 12.6 ms, GC Workers: 3]
      [GC Worker Start (ms): Min: 1454984859.7, Avg: 1454984859.7, Max: 1454984859.8, Diff: 0.1]
      [Ext Root Scanning (ms): Min: 3.2, Avg: 3.4, Max: 3.5, Diff: 0.3, Sum: 10.1]
      [Update RS (ms): Min: 3.9, Avg: 3.9, Max: 3.9, Diff: 0.0, Sum: 11.6]
         [Processed Buffers: Min: 39, Avg: 48.7, Max: 64, Diff: 25, Sum: 146]
      [Scan RS (ms): Min: 0.5, Avg: 0.5, Max: 0.5, Diff: 0.0, Sum: 1.5]
      [Code Root Scanning (ms): Min: 0.0, Avg: 0.0, Max: 0.0, Diff: 0.0, Sum: 0.1]
      [Object Copy (ms): Min: 4.5, Avg: 4.6, Max: 4.8, Diff: 0.3, Sum: 13.9]
      [Termination (ms): Min: 0.0, Avg: 0.0, Max: 0.0, Diff: 0.0, Sum: 0.0]
         [Termination Attempts: Min: 1, Avg: 1.0, Max: 1, Diff: 0, Sum: 3]
      [GC Worker Other (ms): Min: 0.0, Avg: 0.1, Max: 0.1, Diff: 0.0, Sum: 0.2]
      [GC Worker Total (ms): Min: 12.4, Avg: 12.5, Max: 12.5, Diff: 0.1, Sum: 37.4]
      [GC Worker End (ms): Min: 1454984872.2, Avg: 1454984872.2, Max: 1454984872.2, Diff: 0.0]
   [Code Root Fixup: 0.0 ms]
   [Code Root Purge: 0.0 ms]
   [Clear CT: 1.5 ms]
   [Other: 2.5 ms]
      [Choose CSet: 0.0 ms]
      [Ref Proc: 0.5 ms]
      [Ref Enq: 0.0 ms]
      [Redirty Cards: 0.1 ms]
      [Humongous Register: 0.1 ms]
      [Humongous Reclaim: 0.1 ms]
      [Free CSet: 1.4 ms]
   [Eden: 3650.0M(3650.0M)->0.0B(3656.0M) Survivors: 22528.0K->16384.0K Heap: 5345.4M(6122.0M)->1690.5M(6122.0M)]
Heap after GC invocations=1217 (full 0):
 garbage-first heap   total 6268928K, used 1731073K [0x0000000641600000, 0x0000000641805fa8, 0x00000007c0000000)
  region size 2048K, 8 young (16384K), 8 survivors (16384K)
 Metaspace       used 160595K, capacity 164757K, committed 164912K, reserved 1193984K
  class space    used 19251K, capacity 19936K, committed 20016K, reserved 1048576K
}
 [Times: user=0.04 sys=0.00, real=0.02 secs]
{Heap before GC invocations=1217 (full 0):
 garbage-first heap   total 6268928K, used 5474817K [0x0000000641600000, 0x0000000641805fa8, 0x00000007c0000000)
  region size 2048K, 1836 young (3760128K), 8 survivors (16384K)
 Metaspace       used 160595K, capacity 164757K, committed 164912K, reserved 1193984K
  class space    used 19251K, capacity 19936K, committed 20016K, reserved 1048576K
2024-05-13T12:13:45.548+0200: 1455089.340: [GC pause (G1 Evacuation Pause) (young), 0.0122185 secs]
   [Parallel Time: 8.9 ms, GC Workers: 3]
      [GC Worker Start (ms): Min: 1455089340.7, Avg: 1455089340.8, Max: 1455089341.0, Diff: 0.2]
      [Ext Root Scanning (ms): Min: 2.8, Avg: 3.0, Max: 3.2, Diff: 0.4, Sum: 9.1]
      [Update RS (ms): Min: 2.0, Avg: 2.0, Max: 2.0, Diff: 0.0, Sum: 6.0]
         [Processed Buffers: Min: 22, Avg: 31.7, Max: 40, Diff: 18, Sum: 95]
      [Scan RS (ms): Min: 0.4, Avg: 0.5, Max: 0.5, Diff: 0.0, Sum: 1.4]
      [Code Root Scanning (ms): Min: 0.0, Avg: 0.0, Max: 0.0, Diff: 0.0, Sum: 0.1]
      [Object Copy (ms): Min: 2.8, Avg: 2.9, Max: 3.0, Diff: 0.2, Sum: 8.7]
      [Termination (ms): Min: 0.0, Avg: 0.0, Max: 0.0, Diff: 0.0, Sum: 0.0]
         [Termination Attempts: Min: 1, Avg: 1.0, Max: 1, Diff: 0, Sum: 3]
      [GC Worker Other (ms): Min: 0.0, Avg: 0.1, Max: 0.2, Diff: 0.2, Sum: 0.4]
      [GC Worker Total (ms): Min: 8.3, Avg: 8.5, Max: 8.7, Diff: 0.4, Sum: 25.6]
      [GC Worker End (ms): Min: 1455089349.3, Avg: 1455089349.4, Max: 1455089349.4, Diff: 0.1]
   [Code Root Fixup: 0.0 ms]
   [Code Root Purge: 0.0 ms]
   [Clear CT: 0.8 ms]
   [Other: 2.4 ms]
      [Choose CSet: 0.0 ms]
      [Ref Proc: 0.5 ms]
      [Ref Enq: 0.0 ms]
      [Redirty Cards: 0.1 ms]
      [Humongous Register: 0.1 ms]
      [Humongous Reclaim: 0.1 ms]
      [Free CSet: 1.4 ms]
   [Eden: 3656.0M(3656.0M)->0.0B(3658.0M) Survivors: 16384.0K->14336.0K Heap: 5346.5M(6122.0M)->1689.4M(6122.0M)]
Heap after GC invocations=1218 (full 0):
 garbage-first heap   total 6268928K, used 1729921K [0x0000000641600000, 0x0000000641805fa8, 0x00000007c0000000)
  region size 2048K, 7 young (14336K), 7 survivors (14336K)
 Metaspace       used 160595K, capacity 164757K, committed 164912K, reserved 1193984K
  class space    used 19251K, capacity 19936K, committed 20016K, reserved 1048576K
}
 [Times: user=0.03 sys=0.00, real=0.01 secs]
{Heap before GC invocations=1218 (full 0):
 garbage-first heap   total 6268928K, used 5478913K [0x0000000641600000, 0x0000000641805fa8, 0x00000007c0000000)
  region size 2048K, 1836 young (3760128K), 7 survivors (14336K)
 Metaspace       used 160595K, capacity 164757K, committed 164912K, reserved 1193984K
  class space    used 19251K, capacity 19936K, committed 20016K, reserved 1048576K
2024-05-13T12:15:27.673+0200: 1455191.466: [GC pause (G1 Evacuation Pause) (young), 0.0142538 secs]
   [Parallel Time: 11.3 ms, GC Workers: 3]
      [GC Worker Start (ms): Min: 1455191466.6, Avg: 1455191467.0, Max: 1455191467.7, Diff: 1.1]
      [Ext Root Scanning (ms): Min: 2.3, Avg: 3.1, Max: 3.5, Diff: 1.2, Sum: 9.2]
      [Update RS (ms): Min: 2.6, Avg: 3.6, Max: 5.6, Diff: 3.0, Sum: 10.8]
         [Processed Buffers: Min: 20, Avg: 39.3, Max: 54, Diff: 34, Sum: 118]
      [Scan RS (ms): Min: 0.2, Avg: 0.5, Max: 0.6, Diff: 0.4, Sum: 1.5]
      [Code Root Scanning (ms): Min: 0.0, Avg: 0.0, Max: 0.0, Diff: 0.0, Sum: 0.1]
      [Object Copy (ms): Min: 1.9, Avg: 3.6, Max: 4.5, Diff: 2.6, Sum: 10.9]
      [Termination (ms): Min: 0.0, Avg: 0.0, Max: 0.0, Diff: 0.0, Sum: 0.0]
         [Termination Attempts: Min: 1, Avg: 1.0, Max: 1, Diff: 0, Sum: 3]
      [GC Worker Other (ms): Min: 0.1, Avg: 0.1, Max: 0.1, Diff: 0.0, Sum: 0.3]
      [GC Worker Total (ms): Min: 10.2, Avg: 10.9, Max: 11.3, Diff: 1.1, Sum: 32.6]
      [GC Worker End (ms): Min: 1455191477.8, Avg: 1455191477.9, Max: 1455191477.9, Diff: 0.1]
   [Code Root Fixup: 0.0 ms]
   [Code Root Purge: 0.0 ms]
   [Clear CT: 0.6 ms]
   [Other: 2.3 ms]
      [Choose CSet: 0.0 ms]
      [Ref Proc: 0.4 ms]
      [Ref Enq: 0.0 ms]
      [Redirty Cards: 0.1 ms]
      [Humongous Register: 0.1 ms]
      [Humongous Reclaim: 0.1 ms]
      [Free CSet: 1.3 ms]
   [Eden: 3658.0M(3658.0M)->0.0B(3658.0M) Survivors: 14336.0K->14336.0K Heap: 5350.5M(6122.0M)->1693.9M(6122.0M)]
Heap after GC invocations=1219 (full 0):
 garbage-first heap   total 6268928K, used 1734548K [0x0000000641600000, 0x0000000641805fa8, 0x00000007c0000000)
  region size 2048K, 7 young (14336K), 7 survivors (14336K)
 Metaspace       used 160595K, capacity 164757K, committed 164912K, reserved 1193984K
  class space    used 19251K, capacity 19936K, committed 20016K, reserved 1048576K
}
 [Times: user=0.03 sys=0.01, real=0.01 secs]
{Heap before GC invocations=1219 (full 0):
 garbage-first heap   total 6268928K, used 5486740K [0x0000000641600000, 0x0000000641805fa8, 0x00000007c0000000)
  region size 2048K, 1836 young (3760128K), 7 survivors (14336K)
 Metaspace       used 160595K, capacity 164757K, committed 164912K, reserved 1193984K
  class space    used 19251K, capacity 19936K, committed 20016K, reserved 1048576K
2024-05-13T12:17:04.873+0200: 1455288.666: [GC pause (G1 Evacuation Pause) (young), 0.0122152 secs]
   [Parallel Time: 9.4 ms, GC Workers: 3]
      [GC Worker Start (ms): Min: 1455288666.6, Avg: 1455288666.6, Max: 1455288666.6, Diff: 0.0]
      [Ext Root Scanning (ms): Min: 2.7, Avg: 2.9, Max: 3.0, Diff: 0.3, Sum: 8.6]
      [Update RS (ms): Min: 2.7, Avg: 2.7, Max: 2.7, Diff: 0.0, Sum: 8.1]
         [Processed Buffers: Min: 41, Avg: 47.3, Max: 53, Diff: 12, Sum: 142]
      [Scan RS (ms): Min: 0.4, Avg: 0.5, Max: 0.5, Diff: 0.0, Sum: 1.4]
      [Code Root Scanning (ms): Min: 0.0, Avg: 0.0, Max: 0.0, Diff: 0.0, Sum: 0.1]
      [Object Copy (ms): Min: 2.9, Avg: 3.0, Max: 3.2, Diff: 0.2, Sum: 9.1]
      [Termination (ms): Min: 0.0, Avg: 0.0, Max: 0.0, Diff: 0.0, Sum: 0.0]
         [Termination Attempts: Min: 1, Avg: 1.0, Max: 1, Diff: 0, Sum: 3]
      [GC Worker Other (ms): Min: 0.0, Avg: 0.1, Max: 0.2, Diff: 0.2, Sum: 0.3]
      [GC Worker Total (ms): Min: 9.1, Avg: 9.2, Max: 9.3, Diff: 0.2, Sum: 27.6]
      [GC Worker End (ms): Min: 1455288675.7, Avg: 1455288675.8, Max: 1455288675.9, Diff: 0.2]
   [Code Root Fixup: 0.0 ms]
   [Code Root Purge: 0.0 ms]
   [Clear CT: 0.5 ms]
   [Other: 2.3 ms]
      [Choose CSet: 0.0 ms]
      [Ref Proc: 0.4 ms]
      [Ref Enq: 0.0 ms]
      [Redirty Cards: 0.1 ms]
      [Humongous Register: 0.1 ms]
      [Humongous Reclaim: 0.1 ms]
      [Free CSet: 1.3 ms]
   [Eden: 3658.0M(3658.0M)->0.0B(3658.0M) Survivors: 14336.0K->14336.0K Heap: 5358.1M(6122.0M)->1694.7M(6122.0M)]
Heap after GC invocations=1220 (full 0):
 garbage-first heap   total 6268928K, used 1735409K [0x0000000641600000, 0x0000000641805fa8, 0x00000007c0000000)
  region size 2048K, 7 young (14336K), 7 survivors (14336K)
 Metaspace       used 160595K, capacity 164757K, committed 164912K, reserved 1193984K
  class space    used 19251K, capacity 19936K, committed 20016K, reserved 1048576K
}
 [Times: user=0.03 sys=0.00, real=0.01 secs]
{Heap before GC invocations=1220 (full 0):
 garbage-first heap   total 6268928K, used 5484401K [0x0000000641600000, 0x0000000641805fa8, 0x00000007c0000000)
  region size 2048K, 1836 young (3760128K), 7 survivors (14336K)
 Metaspace       used 160595K, capacity 164757K, committed 164912K, reserved 1193984K
  class space    used 19251K, capacity 19936K, committed 20016K, reserved 1048576K
2024-05-13T12:18:48.404+0200: 1455392.197: [GC pause (G1 Evacuation Pause) (young), 0.0132098 secs]
   [Parallel Time: 10.1 ms, GC Workers: 3]
      [GC Worker Start (ms): Min: 1455392196.8, Avg: 1455392197.6, Max: 1455392198.7, Diff: 1.8]
      [Ext Root Scanning (ms): Min: 2.2, Avg: 2.9, Max: 3.6, Diff: 1.4, Sum: 8.8]
      [Update RS (ms): Min: 2.2, Avg: 2.3, Max: 2.4, Diff: 0.2, Sum: 7.0]
         [Processed Buffers: Min: 36, Avg: 39.7, Max: 47, Diff: 11, Sum: 119]
      [Scan RS (ms): Min: 0.4, Avg: 0.5, Max: 0.5, Diff: 0.0, Sum: 1.4]
      [Code Root Scanning (ms): Min: 0.0, Avg: 0.0, Max: 0.0, Diff: 0.0, Sum: 0.1]
      [Object Copy (ms): Min: 2.5, Avg: 2.6, Max: 2.7, Diff: 0.3, Sum: 7.8]
      [Termination (ms): Min: 0.0, Avg: 0.0, Max: 0.0, Diff: 0.0, Sum: 0.0]
         [Termination Attempts: Min: 1, Avg: 1.0, Max: 1, Diff: 0, Sum: 3]
      [GC Worker Other (ms): Min: 0.0, Avg: 0.3, Max: 0.9, Diff: 0.9, Sum: 1.0]
      [GC Worker Total (ms): Min: 7.4, Avg: 8.7, Max: 9.5, Diff: 2.1, Sum: 26.1]
      [GC Worker End (ms): Min: 1455392206.0, Avg: 1455392206.3, Max: 1455392206.9, Diff: 0.9]
   [Code Root Fixup: 0.0 ms]
   [Code Root Purge: 0.0 ms]
   [Clear CT: 0.7 ms]
   [Other: 2.4 ms]
      [Choose CSet: 0.0 ms]
      [Ref Proc: 0.5 ms]
      [Ref Enq: 0.0 ms]
      [Redirty Cards: 0.1 ms]
      [Humongous Register: 0.1 ms]
      [Humongous Reclaim: 0.1 ms]
      [Free CSet: 1.3 ms]
   [Eden: 3658.0M(3658.0M)->0.0B(3664.0M) Survivors: 14336.0K->8192.0K Heap: 5355.9M(6122.0M)->1694.7M(6122.0M)]
Heap after GC invocations=1221 (full 0):
 garbage-first heap   total 6268928K, used 1735366K [0x0000000641600000, 0x0000000641805fa8, 0x00000007c0000000)
  region size 2048K, 4 young (8192K), 4 survivors (8192K)
 Metaspace       used 160595K, capacity 164757K, committed 164912K, reserved 1193984K
  class space    used 19251K, capacity 19936K, committed 20016K, reserved 1048576K
}
 [Times: user=0.03 sys=0.00, real=0.01 secs]
{Heap before GC invocations=1221 (full 0):
 garbage-first heap   total 6268928K, used 5493702K [0x0000000641600000, 0x0000000641805fa8, 0x00000007c0000000)
  region size 2048K, 1836 young (3760128K), 4 survivors (8192K)
 Metaspace       used 160595K, capacity 164757K, committed 164912K, reserved 1193984K
  class space    used 19251K, capacity 19936K, committed 20016K, reserved 1048576K
2024-05-13T12:20:23.550+0200: 1455487.343: [GC pause (G1 Evacuation Pause) (young), 0.0159898 secs]
   [Parallel Time: 12.2 ms, GC Workers: 3]
      [GC Worker Start (ms): Min: 1455487343.6, Avg: 1455487343.8, Max: 1455487343.9, Diff: 0.3]
      [Ext Root Scanning (ms): Min: 3.8, Avg: 4.2, Max: 4.5, Diff: 0.7, Sum: 12.5]
      [Update RS (ms): Min: 4.1, Avg: 4.1, Max: 4.2, Diff: 0.1, Sum: 12.4]
         [Processed Buffers: Min: 43, Avg: 49.0, Max: 54, Diff: 11, Sum: 147]
      [Scan RS (ms): Min: 0.6, Avg: 0.6, Max: 0.7, Diff: 0.1, Sum: 1.9]
      [Code Root Scanning (ms): Min: 0.0, Avg: 0.0, Max: 0.0, Diff: 0.0, Sum: 0.1]
      [Object Copy (ms): Min: 2.6, Avg: 2.8, Max: 3.1, Diff: 0.4, Sum: 8.5]
      [Termination (ms): Min: 0.0, Avg: 0.0, Max: 0.0, Diff: 0.0, Sum: 0.0]
         [Termination Attempts: Min: 1, Avg: 1.0, Max: 1, Diff: 0, Sum: 3]
      [GC Worker Other (ms): Min: 0.0, Avg: 0.1, Max: 0.1, Diff: 0.1, Sum: 0.3]
      [GC Worker Total (ms): Min: 11.8, Avg: 11.9, Max: 12.0, Diff: 0.3, Sum: 35.6]
      [GC Worker End (ms): Min: 1455487355.6, Avg: 1455487355.7, Max: 1455487355.7, Diff: 0.1]
   [Code Root Fixup: 0.0 ms]
   [Code Root Purge: 0.0 ms]
   [Clear CT: 0.7 ms]
   [Other: 3.1 ms]
      [Choose CSet: 0.0 ms]
      [Ref Proc: 0.5 ms]
      [Ref Enq: 0.0 ms]
      [Redirty Cards: 0.1 ms]
      [Humongous Register: 0.2 ms]
      [Humongous Reclaim: 0.1 ms]
      [Free CSet: 1.8 ms]
   [Eden: 3664.0M(3664.0M)->0.0B(3666.0M) Survivors: 8192.0K->6144.0K Heap: 5364.9M(6122.0M)->1697.5M(6122.0M)]
Heap after GC invocations=1222 (full 0):
 garbage-first heap   total 6268928K, used 1738241K [0x0000000641600000, 0x0000000641805fa8, 0x00000007c0000000)
  region size 2048K, 3 young (6144K), 3 survivors (6144K)
 Metaspace       used 160595K, capacity 164757K, committed 164912K, reserved 1193984K
  class space    used 19251K, capacity 19936K, committed 20016K, reserved 1048576K
}
 [Times: user=0.04 sys=0.00, real=0.02 secs]
{Heap before GC invocations=1222 (full 0):
 garbage-first heap   total 6268928K, used 5498625K [0x0000000641600000, 0x0000000641805fa8, 0x00000007c0000000)
  region size 2048K, 1836 young (3760128K), 3 survivors (6144K)
 Metaspace       used 160595K, capacity 164757K, committed 164912K, reserved 1193984K
  class space    used 19251K, capacity 19936K, committed 20016K, reserved 1048576K
2024-05-13T12:22:16.762+0200: 1455600.555: [GC pause (G1 Evacuation Pause) (young), 0.0134198 secs]
   [Parallel Time: 9.8 ms, GC Workers: 3]
      [GC Worker Start (ms): Min: 1455600556.0, Avg: 1455600556.1, Max: 1455600556.1, Diff: 0.0]
      [Ext Root Scanning (ms): Min: 3.8, Avg: 4.2, Max: 4.4, Diff: 0.6, Sum: 12.5]
      [Update RS (ms): Min: 3.2, Avg: 3.2, Max: 3.3, Diff: 0.0, Sum: 9.7]
         [Processed Buffers: Min: 43, Avg: 46.3, Max: 48, Diff: 5, Sum: 139]
      [Scan RS (ms): Min: 0.5, Avg: 0.5, Max: 0.5, Diff: 0.1, Sum: 1.6]
      [Code Root Scanning (ms): Min: 0.0, Avg: 0.0, Max: 0.0, Diff: 0.0, Sum: 0.1]
      [Object Copy (ms): Min: 1.3, Avg: 1.5, Max: 1.8, Diff: 0.5, Sum: 4.6]
      [Termination (ms): Min: 0.0, Avg: 0.0, Max: 0.0, Diff: 0.0, Sum: 0.0]
         [Termination Attempts: Min: 1, Avg: 1.0, Max: 1, Diff: 0, Sum: 3]
      [GC Worker Other (ms): Min: 0.0, Avg: 0.2, Max: 0.3, Diff: 0.3, Sum: 0.6]
      [GC Worker Total (ms): Min: 9.5, Avg: 9.7, Max: 9.7, Diff: 0.2, Sum: 29.0]
      [GC Worker End (ms): Min: 1455600565.6, Avg: 1455600565.7, Max: 1455600565.8, Diff: 0.2]
   [Code Root Fixup: 0.0 ms]
   [Code Root Purge: 0.0 ms]
   [Clear CT: 0.8 ms]
   [Other: 2.8 ms]
      [Choose CSet: 0.0 ms]
      [Ref Proc: 0.6 ms]
      [Ref Enq: 0.0 ms]
      [Redirty Cards: 0.1 ms]
      [Humongous Register: 0.4 ms]
      [Humongous Reclaim: 0.1 ms]
      [Free CSet: 1.3 ms]
   [Eden: 3666.0M(3666.0M)->0.0B(3666.0M) Survivors: 6144.0K->6144.0K Heap: 5369.8M(6122.0M)->1698.6M(6122.0M)]
Heap after GC invocations=1223 (full 0):
 garbage-first heap   total 6268928K, used 1739377K [0x0000000641600000, 0x0000000641805fa8, 0x00000007c0000000)
  region size 2048K, 3 young (6144K), 3 survivors (6144K)
 Metaspace       used 160595K, capacity 164757K, committed 164912K, reserved 1193984K
  class space    used 19251K, capacity 19936K, committed 20016K, reserved 1048576K
}
 [Times: user=0.03 sys=0.00, real=0.01 secs]
{Heap before GC invocations=1223 (full 0):
 garbage-first heap   total 6268928K, used 5496561K [0x0000000641600000, 0x0000000641805fa8, 0x00000007c0000000)
  region size 2048K, 1836 young (3760128K), 3 survivors (6144K)
 Metaspace       used 160595K, capacity 164757K, committed 164912K, reserved 1193984K
  class space    used 19251K, capacity 19936K, committed 20016K, reserved 1048576K
2024-05-13T12:24:19.180+0200: 1455722.973: [GC pause (G1 Evacuation Pause) (young), 0.0108899 secs]
   [Parallel Time: 8.0 ms, GC Workers: 3]
      [GC Worker Start (ms): Min: 1455722973.2, Avg: 1455722973.5, Max: 1455722973.9, Diff: 0.7]
      [Ext Root Scanning (ms): Min: 2.6, Avg: 3.0, Max: 3.4, Diff: 0.9, Sum: 9.1]
      [Update RS (ms): Min: 2.1, Avg: 2.1, Max: 2.1, Diff: 0.0, Sum: 6.3]
         [Processed Buffers: Min: 31, Avg: 39.7, Max: 52, Diff: 21, Sum: 119]
      [Scan RS (ms): Min: 0.4, Avg: 0.4, Max: 0.5, Diff: 0.0, Sum: 1.3]
      [Code Root Scanning (ms): Min: 0.0, Avg: 0.0, Max: 0.0, Diff: 0.0, Sum: 0.1]
      [Object Copy (ms): Min: 1.9, Avg: 2.1, Max: 2.3, Diff: 0.4, Sum: 6.2]
      [Termination (ms): Min: 0.0, Avg: 0.0, Max: 0.0, Diff: 0.0, Sum: 0.0]
         [Termination Attempts: Min: 1, Avg: 1.0, Max: 1, Diff: 0, Sum: 3]
      [GC Worker Other (ms): Min: 0.0, Avg: 0.0, Max: 0.1, Diff: 0.0, Sum: 0.1]
      [GC Worker Total (ms): Min: 7.3, Avg: 7.7, Max: 7.9, Diff: 0.7, Sum: 23.2]
      [GC Worker End (ms): Min: 1455722981.2, Avg: 1455722981.2, Max: 1455722981.2, Diff: 0.0]
   [Code Root Fixup: 0.0 ms]
   [Code Root Purge: 0.0 ms]
   [Clear CT: 0.5 ms]
   [Other: 2.4 ms]
      [Choose CSet: 0.0 ms]
      [Ref Proc: 0.6 ms]
      [Ref Enq: 0.0 ms]
      [Redirty Cards: 0.1 ms]
      [Humongous Register: 0.1 ms]
      [Humongous Reclaim: 0.1 ms]
      [Free CSet: 1.3 ms]
   [Eden: 3666.0M(3666.0M)->0.0B(3666.0M) Survivors: 6144.0K->6144.0K Heap: 5367.7M(6122.0M)->1700.6M(6122.0M)]
Heap after GC invocations=1224 (full 0):
 garbage-first heap   total 6268928K, used 1741449K [0x0000000641600000, 0x0000000641805fa8, 0x00000007c0000000)
  region size 2048K, 3 young (6144K), 3 survivors (6144K)
 Metaspace       used 160595K, capacity 164757K, committed 164912K, reserved 1193984K
  class space    used 19251K, capacity 19936K, committed 20016K, reserved 1048576K
}
 [Times: user=0.03 sys=0.00, real=0.02 secs]
{Heap before GC invocations=1224 (full 0):
 garbage-first heap   total 6268928K, used 5501833K [0x0000000641600000, 0x0000000641805fa8, 0x00000007c0000000)
  region size 2048K, 1836 young (3760128K), 3 survivors (6144K)
 Metaspace       used 160595K, capacity 164757K, committed 164912K, reserved 1193984K
  class space    used 19251K, capacity 19936K, committed 20016K, reserved 1048576K
2024-05-13T12:26:16.698+0200: 1455840.491: [GC pause (G1 Evacuation Pause) (young), 0.0113652 secs]
   [Parallel Time: 8.3 ms, GC Workers: 3]
      [GC Worker Start (ms): Min: 1455840490.8, Avg: 1455840490.8, Max: 1455840490.9, Diff: 0.1]
      [Ext Root Scanning (ms): Min: 2.8, Avg: 2.9, Max: 3.1, Diff: 0.2, Sum: 8.8]
      [Update RS (ms): Min: 3.0, Avg: 3.0, Max: 3.0, Diff: 0.0, Sum: 9.1]
         [Processed Buffers: Min: 37, Avg: 47.0, Max: 55, Diff: 18, Sum: 141]
      [Scan RS (ms): Min: 0.4, Avg: 0.4, Max: 0.4, Diff: 0.0, Sum: 1.3]
      [Code Root Scanning (ms): Min: 0.0, Avg: 0.0, Max: 0.0, Diff: 0.0, Sum: 0.1]
      [Object Copy (ms): Min: 1.5, Avg: 1.6, Max: 1.7, Diff: 0.2, Sum: 4.8]
      [Termination (ms): Min: 0.0, Avg: 0.0, Max: 0.0, Diff: 0.0, Sum: 0.0]
         [Termination Attempts: Min: 1, Avg: 1.0, Max: 1, Diff: 0, Sum: 3]
      [GC Worker Other (ms): Min: 0.0, Avg: 0.1, Max: 0.2, Diff: 0.2, Sum: 0.3]
      [GC Worker Total (ms): Min: 8.1, Avg: 8.1, Max: 8.1, Diff: 0.1, Sum: 24.3]
      [GC Worker End (ms): Min: 1455840498.9, Avg: 1455840498.9, Max: 1455840499.0, Diff: 0.2]
   [Code Root Fixup: 0.0 ms]
   [Code Root Purge: 0.0 ms]
   [Clear CT: 0.7 ms]
   [Other: 2.3 ms]
      [Choose CSet: 0.0 ms]
      [Ref Proc: 0.5 ms]
      [Ref Enq: 0.0 ms]
      [Redirty Cards: 0.1 ms]
      [Humongous Register: 0.1 ms]
      [Humongous Reclaim: 0.1 ms]
      [Free CSet: 1.2 ms]
   [Eden: 3666.0M(3666.0M)->0.0B(3668.0M) Survivors: 6144.0K->4096.0K Heap: 5372.9M(6122.0M)->1700.1M(6122.0M)]
Heap after GC invocations=1225 (full 0):
 garbage-first heap   total 6268928K, used 1740950K [0x0000000641600000, 0x0000000641805fa8, 0x00000007c0000000)
  region size 2048K, 2 young (4096K), 2 survivors (4096K)
 Metaspace       used 160595K, capacity 164757K, committed 164912K, reserved 1193984K
  class space    used 19251K, capacity 19936K, committed 20016K, reserved 1048576K
}
 [Times: user=0.03 sys=0.00, real=0.01 secs]
{Heap before GC invocations=1225 (full 0):
 garbage-first heap   total 6268928K, used 5503381K [0x0000000641600000, 0x0000000641805fa8, 0x00000007c0000000)
  region size 2048K, 1836 young (3760128K), 2 survivors (4096K)
 Metaspace       used 160595K, capacity 164757K, committed 164912K, reserved 1193984K
  class space    used 19251K, capacity 19936K, committed 20016K, reserved 1048576K
2024-05-13T12:28:17.830+0200: 1455961.623: [GC pause (G1 Evacuation Pause) (young), 0.0139696 secs]
   [Parallel Time: 9.8 ms, GC Workers: 3]
      [GC Worker Start (ms): Min: 1455961623.2, Avg: 1455961623.6, Max: 1455961624.4, Diff: 1.2]
      [Ext Root Scanning (ms): Min: 2.7, Avg: 3.5, Max: 3.9, Diff: 1.3, Sum: 10.5]
      [Update RS (ms): Min: 3.3, Avg: 3.3, Max: 3.3, Diff: 0.0, Sum: 9.9]
         [Processed Buffers: Min: 39, Avg: 48.7, Max: 64, Diff: 25, Sum: 146]
      [Scan RS (ms): Min: 0.5, Avg: 0.5, Max: 0.5, Diff: 0.0, Sum: 1.5]
      [Code Root Scanning (ms): Min: 0.0, Avg: 0.0, Max: 0.0, Diff: 0.0, Sum: 0.1]
      [Object Copy (ms): Min: 1.7, Avg: 1.7, Max: 1.8, Diff: 0.1, Sum: 5.2]
      [Termination (ms): Min: 0.0, Avg: 0.0, Max: 0.0, Diff: 0.0, Sum: 0.0]
         [Termination Attempts: Min: 1, Avg: 1.0, Max: 1, Diff: 0, Sum: 3]
      [GC Worker Other (ms): Min: 0.1, Avg: 0.1, Max: 0.3, Diff: 0.2, Sum: 0.4]
      [GC Worker Total (ms): Min: 8.3, Avg: 9.2, Max: 9.7, Diff: 1.4, Sum: 27.6]
      [GC Worker End (ms): Min: 1455961632.7, Avg: 1455961632.8, Max: 1455961632.9, Diff: 0.2]
   [Code Root Fixup: 0.0 ms]
   [Code Root Purge: 0.0 ms]
   [Clear CT: 1.3 ms]
   [Other: 2.8 ms]
      [Choose CSet: 0.0 ms]
      [Ref Proc: 0.6 ms]
      [Ref Enq: 0.0 ms]
      [Redirty Cards: 0.1 ms]
      [Humongous Register: 0.2 ms]
      [Humongous Reclaim: 0.1 ms]
      [Free CSet: 1.5 ms]
   [Eden: 3668.0M(3668.0M)->0.0B(3666.0M) Survivors: 4096.0K->6144.0K Heap: 5374.4M(6122.0M)->1702.6M(6122.0M)]
Heap after GC invocations=1226 (full 0):
 garbage-first heap   total 6268928K, used 1743443K [0x0000000641600000, 0x0000000641805fa8, 0x00000007c0000000)
  region size 2048K, 3 young (6144K), 3 survivors (6144K)
 Metaspace       used 160595K, capacity 164757K, committed 164912K, reserved 1193984K
  class space    used 19251K, capacity 19936K, committed 20016K, reserved 1048576K
}
 [Times: user=0.03 sys=0.00, real=0.02 secs]
{Heap before GC invocations=1226 (full 0):
 garbage-first heap   total 6268928K, used 5500627K [0x0000000641600000, 0x0000000641805fa8, 0x00000007c0000000)
  region size 2048K, 1836 young (3760128K), 3 survivors (6144K)
 Metaspace       used 160595K, capacity 164757K, committed 164912K, reserved 1193984K
  class space    used 19251K, capacity 19936K, committed 20016K, reserved 1048576K
2024-05-13T12:30:09.260+0200: 1456073.053: [GC pause (G1 Evacuation Pause) (young), 0.0123167 secs]
   [Parallel Time: 8.9 ms, GC Workers: 3]
      [GC Worker Start (ms): Min: 1456073053.2, Avg: 1456073053.7, Max: 1456073053.9, Diff: 0.7]
      [Ext Root Scanning (ms): Min: 3.3, Avg: 3.8, Max: 4.4, Diff: 1.1, Sum: 11.3]
      [Update RS (ms): Min: 2.2, Avg: 2.2, Max: 2.2, Diff: 0.0, Sum: 6.7]
         [Processed Buffers: Min: 24, Avg: 40.3, Max: 49, Diff: 25, Sum: 121]
      [Scan RS (ms): Min: 0.5, Avg: 0.5, Max: 0.5, Diff: 0.1, Sum: 1.5]
      [Code Root Scanning (ms): Min: 0.0, Avg: 0.0, Max: 0.0, Diff: 0.0, Sum: 0.1]
      [Object Copy (ms): Min: 1.6, Avg: 1.8, Max: 2.0, Diff: 0.3, Sum: 5.3]
      [Termination (ms): Min: 0.0, Avg: 0.0, Max: 0.0, Diff: 0.0, Sum: 0.0]
         [Termination Attempts: Min: 1, Avg: 1.0, Max: 1, Diff: 0, Sum: 3]
      [GC Worker Other (ms): Min: 0.0, Avg: 0.1, Max: 0.1, Diff: 0.0, Sum: 0.2]
      [GC Worker Total (ms): Min: 8.1, Avg: 8.3, Max: 8.8, Diff: 0.7, Sum: 25.0]
      [GC Worker End (ms): Min: 1456073062.0, Avg: 1456073062.0, Max: 1456073062.0, Diff: 0.0]
   [Code Root Fixup: 0.0 ms]
   [Code Root Purge: 0.0 ms]
   [Clear CT: 0.8 ms]
   [Other: 2.6 ms]
      [Choose CSet: 0.0 ms]
      [Ref Proc: 0.6 ms]
      [Ref Enq: 0.0 ms]
      [Redirty Cards: 0.1 ms]
      [Humongous Register: 0.1 ms]
      [Humongous Reclaim: 0.1 ms]
      [Free CSet: 1.4 ms]
   [Eden: 3666.0M(3666.0M)->0.0B(3668.0M) Survivors: 6144.0K->4096.0K Heap: 5371.7M(6122.0M)->1701.1M(6122.0M)]
Heap after GC invocations=1227 (full 0):
 garbage-first heap   total 6268928K, used 1741922K [0x0000000641600000, 0x0000000641805fa8, 0x00000007c0000000)
  region size 2048K, 2 young (4096K), 2 survivors (4096K)
 Metaspace       used 160595K, capacity 164757K, committed 164912K, reserved 1193984K
  class space    used 19251K, capacity 19936K, committed 20016K, reserved 1048576K
}
 [Times: user=0.03 sys=0.00, real=0.02 secs]
{Heap before GC invocations=1227 (full 0):
 garbage-first heap   total 6268928K, used 5504353K [0x0000000641600000, 0x0000000641805fa8, 0x00000007c0000000)
  region size 2048K, 1836 young (3760128K), 2 survivors (4096K)
 Metaspace       used 160595K, capacity 164757K, committed 164912K, reserved 1193984K
  class space    used 19251K, capacity 19936K, committed 20016K, reserved 1048576K
2024-05-13T12:32:05.509+0200: 1456189.302: [GC pause (G1 Evacuation Pause) (young), 0.0152493 secs]
   [Parallel Time: 11.8 ms, GC Workers: 3]
      [GC Worker Start (ms): Min: 1456189302.7, Avg: 1456189303.4, Max: 1456189303.8, Diff: 1.0]
      [Ext Root Scanning (ms): Min: 2.9, Avg: 4.5, Max: 5.3, Diff: 2.4, Sum: 13.5]
      [Update RS (ms): Min: 3.2, Avg: 4.1, Max: 5.2, Diff: 2.1, Sum: 12.4]
         [Processed Buffers: Min: 28, Avg: 47.0, Max: 74, Diff: 46, Sum: 141]
      [Scan RS (ms): Min: 0.5, Avg: 0.6, Max: 0.7, Diff: 0.2, Sum: 1.8]
      [Code Root Scanning (ms): Min: 0.0, Avg: 0.0, Max: 0.0, Diff: 0.0, Sum: 0.1]
      [Object Copy (ms): Min: 1.4, Avg: 1.5, Max: 1.7, Diff: 0.3, Sum: 4.6]
      [Termination (ms): Min: 0.0, Avg: 0.0, Max: 0.0, Diff: 0.0, Sum: 0.0]
         [Termination Attempts: Min: 1, Avg: 1.0, Max: 1, Diff: 0, Sum: 3]
      [GC Worker Other (ms): Min: 0.0, Avg: 0.1, Max: 0.2, Diff: 0.1, Sum: 0.2]
      [GC Worker Total (ms): Min: 10.6, Avg: 10.9, Max: 11.4, Diff: 0.9, Sum: 32.6]
      [GC Worker End (ms): Min: 1456189314.2, Avg: 1456189314.2, Max: 1456189314.3, Diff: 0.1]
   [Code Root Fixup: 0.0 ms]
   [Code Root Purge: 0.0 ms]
   [Clear CT: 0.5 ms]
   [Other: 2.9 ms]
      [Choose CSet: 0.0 ms]
      [Ref Proc: 0.5 ms]
      [Ref Enq: 0.0 ms]
      [Redirty Cards: 0.1 ms]
      [Humongous Register: 0.1 ms]
      [Humongous Reclaim: 0.1 ms]
      [Free CSet: 1.7 ms]
   [Eden: 3668.0M(3668.0M)->0.0B(3666.0M) Survivors: 4096.0K->6144.0K Heap: 5375.3M(6122.0M)->1702.8M(6122.0M)]
Heap after GC invocations=1228 (full 0):
 garbage-first heap   total 6268928K, used 1743687K [0x0000000641600000, 0x0000000641805fa8, 0x00000007c0000000)
  region size 2048K, 3 young (6144K), 3 survivors (6144K)
 Metaspace       used 160595K, capacity 164757K, committed 164912K, reserved 1193984K
  class space    used 19251K, capacity 19936K, committed 20016K, reserved 1048576K
}
 [Times: user=0.03 sys=0.00, real=0.02 secs]
{Heap before GC invocations=1228 (full 0):
 garbage-first heap   total 6268928K, used 5500871K [0x0000000641600000, 0x0000000641805fa8, 0x00000007c0000000)
  region size 2048K, 1836 young (3760128K), 3 survivors (6144K)
 Metaspace       used 160595K, capacity 164757K, committed 164912K, reserved 1193984K
  class space    used 19251K, capacity 19936K, committed 20016K, reserved 1048576K
2024-05-13T12:33:56.660+0200: 1456300.452: [GC pause (G1 Evacuation Pause) (young), 0.0121983 secs]
   [Parallel Time: 9.0 ms, GC Workers: 3]
      [GC Worker Start (ms): Min: 1456300452.8, Avg: 1456300453.5, Max: 1456300454.9, Diff: 2.1]
      [Ext Root Scanning (ms): Min: 2.1, Avg: 3.7, Max: 5.0, Diff: 2.9, Sum: 11.1]
      [Update RS (ms): Min: 1.5, Avg: 2.1, Max: 2.3, Diff: 0.8, Sum: 6.2]
         [Processed Buffers: Min: 34, Avg: 40.3, Max: 44, Diff: 10, Sum: 121]
      [Scan RS (ms): Min: 0.4, Avg: 0.4, Max: 0.5, Diff: 0.0, Sum: 1.3]
      [Code Root Scanning (ms): Min: 0.0, Avg: 0.0, Max: 0.0, Diff: 0.0, Sum: 0.1]
      [Object Copy (ms): Min: 1.8, Avg: 1.9, Max: 2.1, Diff: 0.2, Sum: 5.8]
      [Termination (ms): Min: 0.0, Avg: 0.0, Max: 0.0, Diff: 0.0, Sum: 0.0]
         [Termination Attempts: Min: 1, Avg: 1.0, Max: 1, Diff: 0, Sum: 3]
      [GC Worker Other (ms): Min: 0.1, Avg: 0.1, Max: 0.1, Diff: 0.0, Sum: 0.2]
      [GC Worker Total (ms): Min: 6.8, Avg: 8.2, Max: 8.9, Diff: 2.1, Sum: 24.6]
      [GC Worker End (ms): Min: 1456300461.7, Avg: 1456300461.7, Max: 1456300461.7, Diff: 0.0]
   [Code Root Fixup: 0.0 ms]
   [Code Root Purge: 0.0 ms]
   [Clear CT: 0.8 ms]
   [Other: 2.3 ms]
      [Choose CSet: 0.0 ms]
      [Ref Proc: 0.5 ms]
      [Ref Enq: 0.0 ms]
      [Redirty Cards: 0.1 ms]
      [Humongous Register: 0.1 ms]
      [Humongous Reclaim: 0.1 ms]
      [Free CSet: 1.3 ms]
   [Eden: 3666.0M(3666.0M)->0.0B(3666.0M) Survivors: 6144.0K->6144.0K Heap: 5371.9M(6122.0M)->1701.8M(6122.0M)]
Heap after GC invocations=1229 (full 0):
 garbage-first heap   total 6268928K, used 1742691K [0x0000000641600000, 0x0000000641805fa8, 0x00000007c0000000)
  region size 2048K, 3 young (6144K), 3 survivors (6144K)
 Metaspace       used 160595K, capacity 164757K, committed 164912K, reserved 1193984K
  class space    used 19251K, capacity 19936K, committed 20016K, reserved 1048576K
}
 [Times: user=0.03 sys=0.00, real=0.02 secs]
{Heap before GC invocations=1229 (full 0):
 garbage-first heap   total 6268928K, used 5512674K [0x0000000641600000, 0x0000000641805fa8, 0x00000007c0000000)
  region size 2048K, 1836 young (3760128K), 3 survivors (6144K)
 Metaspace       used 160595K, capacity 164757K, committed 164912K, reserved 1193984K
  class space    used 19251K, capacity 19936K, committed 20016K, reserved 1048576K
2024-05-13T12:40:23.745+0200: 1456687.538: [GC pause (G1 Evacuation Pause) (young), 0.0164067 secs]
   [Parallel Time: 11.1 ms, GC Workers: 3]
      [GC Worker Start (ms): Min: 1456687538.0, Avg: 1456687539.3, Max: 1456687539.9, Diff: 1.9]
      [Ext Root Scanning (ms): Min: 2.0, Avg: 2.7, Max: 4.0, Diff: 2.0, Sum: 8.2]
      [Update RS (ms): Min: 4.9, Avg: 4.9, Max: 5.0, Diff: 0.1, Sum: 14.8]
         [Processed Buffers: Min: 67, Avg: 72.3, Max: 80, Diff: 13, Sum: 217]
      [Scan RS (ms): Min: 0.5, Avg: 0.5, Max: 0.5, Diff: 0.0, Sum: 1.5]
      [Code Root Scanning (ms): Min: 0.0, Avg: 0.0, Max: 0.0, Diff: 0.0, Sum: 0.1]
      [Object Copy (ms): Min: 1.5, Avg: 1.5, Max: 1.6, Diff: 0.1, Sum: 4.6]
      [Termination (ms): Min: 0.0, Avg: 0.0, Max: 0.0, Diff: 0.0, Sum: 0.0]
         [Termination Attempts: Min: 1, Avg: 1.0, Max: 1, Diff: 0, Sum: 3]
      [GC Worker Other (ms): Min: 0.0, Avg: 0.1, Max: 0.1, Diff: 0.0, Sum: 0.2]
      [GC Worker Total (ms): Min: 9.1, Avg: 9.8, Max: 11.1, Diff: 1.9, Sum: 29.3]
      [GC Worker End (ms): Min: 1456687549.0, Avg: 1456687549.1, Max: 1456687549.1, Diff: 0.0]
   [Code Root Fixup: 0.0 ms]
   [Code Root Purge: 0.0 ms]
   [Clear CT: 0.6 ms]
   [Other: 4.7 ms]
      [Choose CSet: 0.0 ms]
      [Ref Proc: 1.9 ms]
      [Ref Enq: 0.1 ms]
      [Redirty Cards: 0.1 ms]
      [Humongous Register: 0.1 ms]
      [Humongous Reclaim: 0.1 ms]
      [Free CSet: 2.0 ms]
   [Eden: 3666.0M(3666.0M)->0.0B(3666.0M) Survivors: 6144.0K->6144.0K Heap: 5383.5M(6122.0M)->1702.2M(6122.0M)]
Heap after GC invocations=1230 (full 0):
 garbage-first heap   total 6268928K, used 1743102K [0x0000000641600000, 0x0000000641805fa8, 0x00000007c0000000)
  region size 2048K, 3 young (6144K), 3 survivors (6144K)
 Metaspace       used 160595K, capacity 164757K, committed 164912K, reserved 1193984K
  class space    used 19251K, capacity 19936K, committed 20016K, reserved 1048576K
}
 [Times: user=0.04 sys=0.00, real=0.02 secs]
{Heap before GC invocations=1230 (full 0):
 garbage-first heap   total 6268928K, used 5532284K [0x0000000641600000, 0x0000000641805fa8, 0x00000007c0000000)
  region size 2048K, 1836 young (3760128K), 3 survivors (6144K)
 Metaspace       used 160595K, capacity 164757K, committed 164912K, reserved 1193984K
  class space    used 19251K, capacity 19936K, committed 20016K, reserved 1048576K
2024-05-13T12:54:04.886+0200: 1457508.679: [GC pause (G1 Evacuation Pause) (young), 0.0217709 secs]
   [Parallel Time: 15.6 ms, GC Workers: 3]
      [GC Worker Start (ms): Min: 1457508679.2, Avg: 1457508679.2, Max: 1457508679.2, Diff: 0.0]
      [Ext Root Scanning (ms): Min: 2.8, Avg: 3.0, Max: 3.1, Diff: 0.3, Sum: 8.9]
      [Update RS (ms): Min: 9.9, Avg: 10.0, Max: 10.0, Diff: 0.1, Sum: 29.9]
         [Processed Buffers: Min: 111, Avg: 121.3, Max: 128, Diff: 17, Sum: 364]
      [Scan RS (ms): Min: 0.5, Avg: 0.5, Max: 0.5, Diff: 0.0, Sum: 1.5]
      [Code Root Scanning (ms): Min: 0.0, Avg: 0.0, Max: 0.0, Diff: 0.0, Sum: 0.1]
      [Object Copy (ms): Min: 1.8, Avg: 2.0, Max: 2.1, Diff: 0.3, Sum: 6.0]
      [Termination (ms): Min: 0.0, Avg: 0.0, Max: 0.0, Diff: 0.0, Sum: 0.0]
         [Termination Attempts: Min: 1, Avg: 1.0, Max: 1, Diff: 0, Sum: 3]
      [GC Worker Other (ms): Min: 0.0, Avg: 0.1, Max: 0.1, Diff: 0.1, Sum: 0.3]
      [GC Worker Total (ms): Min: 15.5, Avg: 15.5, Max: 15.5, Diff: 0.0, Sum: 46.6]
      [GC Worker End (ms): Min: 1457508694.7, Avg: 1457508694.7, Max: 1457508694.7, Diff: 0.1]
   [Code Root Fixup: 0.0 ms]
   [Code Root Purge: 0.0 ms]
   [Clear CT: 0.8 ms]
   [Other: 5.4 ms]
      [Choose CSet: 0.0 ms]
      [Ref Proc: 3.3 ms]
      [Ref Enq: 0.1 ms]
      [Redirty Cards: 0.1 ms]
      [Humongous Register: 0.1 ms]
      [Humongous Reclaim: 0.2 ms]
      [Free CSet: 1.4 ms]
   [Eden: 3666.0M(3666.0M)->0.0B(3668.0M) Survivors: 6144.0K->4096.0K Heap: 5402.6M(6122.0M)->1700.8M(6122.0M)]
Heap after GC invocations=1231 (full 0):
 garbage-first heap   total 6268928K, used 1741600K [0x0000000641600000, 0x0000000641805fa8, 0x00000007c0000000)
  region size 2048K, 2 young (4096K), 2 survivors (4096K)
 Metaspace       used 160595K, capacity 164757K, committed 164912K, reserved 1193984K
  class space    used 19251K, capacity 19936K, committed 20016K, reserved 1048576K
}
 [Times: user=0.05 sys=0.00, real=0.02 secs]
{Heap before GC invocations=1231 (full 0):
 garbage-first heap   total 6268928K, used 5497632K [0x0000000641600000, 0x0000000641805fa8, 0x00000007c0000000)
  region size 2048K, 1836 young (3760128K), 2 survivors (4096K)
 Metaspace       used 160595K, capacity 164757K, committed 164912K, reserved 1193984K
  class space    used 19251K, capacity 19936K, committed 20016K, reserved 1048576K
2024-05-13T12:54:47.009+0200: 1457550.802: [GC pause (G1 Evacuation Pause) (young), 0.0136652 secs]
   [Parallel Time: 9.8 ms, GC Workers: 3]
      [GC Worker Start (ms): Min: 1457550802.1, Avg: 1457550804.8, Max: 1457550809.3, Diff: 7.1]
      [Ext Root Scanning (ms): Min: 0.0, Avg: 3.4, Max: 5.6, Diff: 5.6, Sum: 10.1]
      [Update RS (ms): Min: 0.8, Avg: 1.6, Max: 2.1, Diff: 1.2, Sum: 4.9]
         [Processed Buffers: Min: 19, Avg: 26.7, Max: 36, Diff: 17, Sum: 80]
      [Scan RS (ms): Min: 0.5, Avg: 0.5, Max: 0.6, Diff: 0.0, Sum: 1.6]
      [Code Root Scanning (ms): Min: 0.0, Avg: 0.0, Max: 0.0, Diff: 0.0, Sum: 0.1]
      [Object Copy (ms): Min: 1.0, Avg: 1.3, Max: 1.7, Diff: 0.7, Sum: 4.0]
      [Termination (ms): Min: 0.0, Avg: 0.0, Max: 0.0, Diff: 0.0, Sum: 0.0]
         [Termination Attempts: Min: 1, Avg: 1.0, Max: 1, Diff: 0, Sum: 3]
      [GC Worker Other (ms): Min: 0.0, Avg: 0.1, Max: 0.1, Diff: 0.1, Sum: 0.2]
      [GC Worker Total (ms): Min: 2.5, Avg: 7.0, Max: 9.6, Diff: 7.1, Sum: 20.9]
      [GC Worker End (ms): Min: 1457550811.7, Avg: 1457550811.7, Max: 1457550811.8, Diff: 0.1]
   [Code Root Fixup: 0.0 ms]
   [Code Root Purge: 0.0 ms]
   [Clear CT: 0.7 ms]
   [Other: 3.2 ms]
      [Choose CSet: 0.0 ms]
      [Ref Proc: 0.3 ms]
      [Ref Enq: 0.0 ms]
      [Redirty Cards: 0.2 ms]
      [Humongous Register: 0.2 ms]
      [Humongous Reclaim: 0.1 ms]
      [Free CSet: 2.1 ms]
   [Eden: 3668.0M(3668.0M)->0.0B(3668.0M) Survivors: 4096.0K->4096.0K Heap: 5368.8M(6122.0M)->1700.9M(6122.0M)]
Heap after GC invocations=1232 (full 0):
 garbage-first heap   total 6268928K, used 1741703K [0x0000000641600000, 0x0000000641805fa8, 0x00000007c0000000)
  region size 2048K, 2 young (4096K), 2 survivors (4096K)
 Metaspace       used 160595K, capacity 164757K, committed 164912K, reserved 1193984K
  class space    used 19251K, capacity 19936K, committed 20016K, reserved 1048576K
}
 [Times: user=0.02 sys=0.00, real=0.02 secs]
{Heap before GC invocations=1232 (full 0):
 garbage-first heap   total 6268928K, used 5500935K [0x0000000641600000, 0x0000000641805fa8, 0x00000007c0000000)
  region size 2048K, 1836 young (3760128K), 2 survivors (4096K)
 Metaspace       used 160595K, capacity 164757K, committed 164912K, reserved 1193984K
  class space    used 19251K, capacity 19936K, committed 20016K, reserved 1048576K
2024-05-13T12:57:30.373+0200: 1457714.166: [GC pause (G1 Evacuation Pause) (young), 0.0135826 secs]
   [Parallel Time: 9.7 ms, GC Workers: 3]
      [GC Worker Start (ms): Min: 1457714166.4, Avg: 1457714166.4, Max: 1457714166.4, Diff: 0.0]
      [Ext Root Scanning (ms): Min: 5.0, Avg: 5.0, Max: 5.1, Diff: 0.1, Sum: 15.1]
      [Update RS (ms): Min: 2.5, Avg: 2.5, Max: 2.5, Diff: 0.0, Sum: 7.5]
         [Processed Buffers: Min: 28, Avg: 36.7, Max: 42, Diff: 14, Sum: 110]
      [Scan RS (ms): Min: 0.5, Avg: 0.6, Max: 0.6, Diff: 0.0, Sum: 1.7]
      [Code Root Scanning (ms): Min: 0.0, Avg: 0.0, Max: 0.0, Diff: 0.0, Sum: 0.1]
      [Object Copy (ms): Min: 1.3, Avg: 1.4, Max: 1.4, Diff: 0.1, Sum: 4.2]
      [Termination (ms): Min: 0.0, Avg: 0.0, Max: 0.0, Diff: 0.0, Sum: 0.0]
         [Termination Attempts: Min: 1, Avg: 1.0, Max: 1, Diff: 0, Sum: 3]
      [GC Worker Other (ms): Min: 0.0, Avg: 0.1, Max: 0.1, Diff: 0.0, Sum: 0.2]
      [GC Worker Total (ms): Min: 9.5, Avg: 9.6, Max: 9.6, Diff: 0.1, Sum: 28.8]
      [GC Worker End (ms): Min: 1457714175.9, Avg: 1457714176.0, Max: 1457714176.0, Diff: 0.0]
   [Code Root Fixup: 0.0 ms]
   [Code Root Purge: 0.0 ms]
   [Clear CT: 0.7 ms]
   [Other: 3.2 ms]
      [Choose CSet: 0.0 ms]
      [Ref Proc: 0.8 ms]
      [Ref Enq: 0.0 ms]
      [Redirty Cards: 0.1 ms]
      [Humongous Register: 0.2 ms]
      [Humongous Reclaim: 0.1 ms]
      [Free CSet: 1.6 ms]
   [Eden: 3668.0M(3668.0M)->0.0B(3668.0M) Survivors: 4096.0K->4096.0K Heap: 5372.0M(6122.0M)->1700.7M(6122.0M)]
Heap after GC invocations=1233 (full 0):
 garbage-first heap   total 6268928K, used 1741504K [0x0000000641600000, 0x0000000641805fa8, 0x00000007c0000000)
  region size 2048K, 2 young (4096K), 2 survivors (4096K)
 Metaspace       used 160595K, capacity 164757K, committed 164912K, reserved 1193984K
  class space    used 19251K, capacity 19936K, committed 20016K, reserved 1048576K
}
 [Times: user=0.03 sys=0.00, real=0.01 secs]
{Heap before GC invocations=1233 (full 0):
 garbage-first heap   total 6268928K, used 5558333K [0x0000000641600000, 0x0000000641805fa8, 0x00000007c0000000)
  region size 2048K, 1836 young (3760128K), 2 survivors (4096K)
 Metaspace       used 160595K, capacity 164757K, committed 164912K, reserved 1193984K
  class space    used 19251K, capacity 19936K, committed 20016K, reserved 1048576K
2024-05-13T13:21:34.759+0200: 1459158.552: [GC pause (G1 Evacuation Pause) (young), 0.0456490 secs]
   [Parallel Time: 32.8 ms, GC Workers: 3]
      [GC Worker Start (ms): Min: 1459158552.2, Avg: 1459158552.2, Max: 1459158552.2, Diff: 0.0]
      [Ext Root Scanning (ms): Min: 3.4, Avg: 3.5, Max: 3.8, Diff: 0.5, Sum: 10.6]
      [Update RS (ms): Min: 17.5, Avg: 17.5, Max: 17.5, Diff: 0.0, Sum: 52.4]
         [Processed Buffers: Min: 142, Avg: 189.0, Max: 213, Diff: 71, Sum: 567]
      [Scan RS (ms): Min: 0.5, Avg: 0.5, Max: 0.5, Diff: 0.0, Sum: 1.4]
      [Code Root Scanning (ms): Min: 0.0, Avg: 0.0, Max: 0.0, Diff: 0.0, Sum: 0.1]
      [Object Copy (ms): Min: 3.6, Avg: 6.2, Max: 11.0, Diff: 7.4, Sum: 18.6]
      [Termination (ms): Min: 0.0, Avg: 4.8, Max: 7.3, Diff: 7.3, Sum: 14.5]
         [Termination Attempts: Min: 1, Avg: 1.0, Max: 1, Diff: 0, Sum: 3]
      [GC Worker Other (ms): Min: 0.0, Avg: 0.0, Max: 0.1, Diff: 0.0, Sum: 0.1]
      [GC Worker Total (ms): Min: 32.4, Avg: 32.6, Max: 32.7, Diff: 0.3, Sum: 97.8]
      [GC Worker End (ms): Min: 1459158584.7, Avg: 1459158584.8, Max: 1459158584.9, Diff: 0.2]
   [Code Root Fixup: 0.0 ms]
   [Code Root Purge: 0.0 ms]
   [Clear CT: 1.7 ms]
   [Other: 11.1 ms]
      [Choose CSet: 0.0 ms]
      [Ref Proc: 8.7 ms]
      [Ref Enq: 0.2 ms]
      [Redirty Cards: 0.1 ms]
      [Humongous Register: 0.1 ms]
      [Humongous Reclaim: 0.2 ms]
      [Free CSet: 1.5 ms]
   [Eden: 3668.0M(3668.0M)->0.0B(3666.0M) Survivors: 4096.0K->6144.0K Heap: 5428.1M(6122.0M)->1703.5M(6122.0M)]
Heap after GC invocations=1234 (full 0):
 garbage-first heap   total 6268928K, used 1744333K [0x0000000641600000, 0x0000000641805fa8, 0x00000007c0000000)
  region size 2048K, 3 young (6144K), 3 survivors (6144K)
 Metaspace       used 160595K, capacity 164757K, committed 164912K, reserved 1193984K
  class space    used 19251K, capacity 19936K, committed 20016K, reserved 1048576K
}
 [Times: user=0.09 sys=0.00, real=0.05 secs]
{Heap before GC invocations=1234 (full 0):
 garbage-first heap   total 6268928K, used 5530316K [0x0000000641600000, 0x0000000641805fa8, 0x00000007c0000000)
  region size 2048K, 1836 young (3760128K), 3 survivors (6144K)
 Metaspace       used 160597K, capacity 164757K, committed 164912K, reserved 1193984K
  class space    used 19251K, capacity 19936K, committed 20016K, reserved 1048576K
2024-05-13T13:32:10.865+0200: 1459794.658: [GC pause (G1 Evacuation Pause) (young), 0.0231435 secs]
   [Parallel Time: 18.2 ms, GC Workers: 3]
      [GC Worker Start (ms): Min: 1459794658.7, Avg: 1459794658.9, Max: 1459794659.2, Diff: 0.5]
      [Ext Root Scanning (ms): Min: 3.4, Avg: 3.6, Max: 3.8, Diff: 0.4, Sum: 10.7]
      [Update RS (ms): Min: 10.4, Avg: 11.5, Max: 13.7, Diff: 3.3, Sum: 34.6]
         [Processed Buffers: Min: 98, Avg: 113.0, Max: 140, Diff: 42, Sum: 339]
      [Scan RS (ms): Min: 0.1, Avg: 0.5, Max: 0.8, Diff: 0.6, Sum: 1.6]
      [Code Root Scanning (ms): Min: 0.0, Avg: 0.0, Max: 0.0, Diff: 0.0, Sum: 0.1]
      [Object Copy (ms): Min: 0.4, Avg: 2.1, Max: 3.1, Diff: 2.7, Sum: 6.4]
      [Termination (ms): Min: 0.0, Avg: 0.0, Max: 0.0, Diff: 0.0, Sum: 0.0]
         [Termination Attempts: Min: 1, Avg: 1.0, Max: 1, Diff: 0, Sum: 3]
      [GC Worker Other (ms): Min: 0.0, Avg: 0.1, Max: 0.1, Diff: 0.1, Sum: 0.2]
      [GC Worker Total (ms): Min: 17.7, Avg: 17.9, Max: 18.1, Diff: 0.4, Sum: 53.6]
      [GC Worker End (ms): Min: 1459794676.8, Avg: 1459794676.8, Max: 1459794676.8, Diff: 0.1]
   [Code Root Fixup: 0.0 ms]
   [Code Root Purge: 0.0 ms]
   [Clear CT: 0.6 ms]
   [Other: 4.4 ms]
      [Choose CSet: 0.0 ms]
      [Ref Proc: 2.3 ms]
      [Ref Enq: 0.1 ms]
      [Redirty Cards: 0.1 ms]
      [Humongous Register: 0.1 ms]
      [Humongous Reclaim: 0.1 ms]
      [Free CSet: 1.4 ms]
   [Eden: 3666.0M(3666.0M)->0.0B(3664.0M) Survivors: 6144.0K->8192.0K Heap: 5400.7M(6122.0M)->1704.5M(6122.0M)]
Heap after GC invocations=1235 (full 0):
 garbage-first heap   total 6268928K, used 1745386K [0x0000000641600000, 0x0000000641805fa8, 0x00000007c0000000)
  region size 2048K, 4 young (8192K), 4 survivors (8192K)
 Metaspace       used 160597K, capacity 164757K, committed 164912K, reserved 1193984K
  class space    used 19251K, capacity 19936K, committed 20016K, reserved 1048576K
}
 [Times: user=0.05 sys=0.00, real=0.02 secs]
{Heap before GC invocations=1235 (full 0):
 garbage-first heap   total 6268928K, used 5535720K [0x0000000641600000, 0x0000000641805fa8, 0x00000007c0000000)
  region size 2048K, 1836 young (3760128K), 4 survivors (8192K)
 Metaspace       used 160597K, capacity 164757K, committed 164912K, reserved 1193984K
  class space    used 19251K, capacity 19936K, committed 20016K, reserved 1048576K
2024-05-13T13:49:15.415+0200: 1460819.208: [GC pause (G1 Evacuation Pause) (young), 0.0254329 secs]
   [Parallel Time: 16.4 ms, GC Workers: 3]
      [GC Worker Start (ms): Min: 1460819208.4, Avg: 1460819210.0, Max: 1460819213.1, Diff: 4.7]
      [Ext Root Scanning (ms): Min: 0.3, Avg: 3.2, Max: 4.7, Diff: 4.4, Sum: 9.5]
      [Update RS (ms): Min: 8.0, Avg: 8.0, Max: 8.0, Diff: 0.0, Sum: 23.9]
         [Processed Buffers: Min: 87, Avg: 97.7, Max: 116, Diff: 29, Sum: 293]
      [Scan RS (ms): Min: 0.5, Avg: 0.5, Max: 0.5, Diff: 0.0, Sum: 1.6]
      [Code Root Scanning (ms): Min: 0.0, Avg: 0.0, Max: 0.0, Diff: 0.0, Sum: 0.1]
      [Object Copy (ms): Min: 2.7, Avg: 2.9, Max: 3.1, Diff: 0.4, Sum: 8.8]
      [Termination (ms): Min: 0.0, Avg: 0.0, Max: 0.0, Diff: 0.0, Sum: 0.0]
         [Termination Attempts: Min: 1, Avg: 1.0, Max: 1, Diff: 0, Sum: 3]
      [GC Worker Other (ms): Min: 0.0, Avg: 0.1, Max: 0.1, Diff: 0.0, Sum: 0.2]
      [GC Worker Total (ms): Min: 11.6, Avg: 14.7, Max: 16.3, Diff: 4.7, Sum: 44.1]
      [GC Worker End (ms): Min: 1460819224.7, Avg: 1460819224.7, Max: 1460819224.7, Diff: 0.0]
   [Code Root Fixup: 0.0 ms]
   [Code Root Purge: 0.0 ms]
   [Clear CT: 0.7 ms]
   [Other: 8.4 ms]
      [Choose CSet: 0.0 ms]
      [Ref Proc: 5.2 ms]
      [Ref Enq: 0.1 ms]
      [Redirty Cards: 0.1 ms]
      [Humongous Register: 0.2 ms]
      [Humongous Reclaim: 0.2 ms]
      [Free CSet: 2.2 ms]
   [Eden: 3664.0M(3664.0M)->0.0B(3664.0M) Survivors: 8192.0K->8192.0K Heap: 5406.0M(6122.0M)->1704.8M(6122.0M)]
Heap after GC invocations=1236 (full 0):
 garbage-first heap   total 6268928K, used 1745713K [0x0000000641600000, 0x0000000641805fa8, 0x00000007c0000000)
  region size 2048K, 4 young (8192K), 4 survivors (8192K)
 Metaspace       used 160597K, capacity 164757K, committed 164912K, reserved 1193984K
  class space    used 19251K, capacity 19936K, committed 20016K, reserved 1048576K
}
 [Times: user=0.05 sys=0.00, real=0.02 secs]
{Heap before GC invocations=1236 (full 0):
 garbage-first heap   total 6268928K, used 5545646K [0x0000000641600000, 0x0000000641805fa8, 0x00000007c0000000)
  region size 2048K, 1836 young (3760128K), 4 survivors (8192K)
 Metaspace       used 160597K, capacity 164757K, committed 164912K, reserved 1193984K
  class space    used 19251K, capacity 19936K, committed 20016K, reserved 1048576K
2024-05-13T14:07:10.941+0200: 1461894.734: [GC pause (G1 Evacuation Pause) (young), 0.0254031 secs]
   [Parallel Time: 19.1 ms, GC Workers: 3]
      [GC Worker Start (ms): Min: 1461894734.1, Avg: 1461894734.1, Max: 1461894734.1, Diff: 0.0]
      [Ext Root Scanning (ms): Min: 3.2, Avg: 3.3, Max: 3.4, Diff: 0.3, Sum: 10.0]
      [Update RS (ms): Min: 12.5, Avg: 12.5, Max: 12.6, Diff: 0.0, Sum: 37.6]
         [Processed Buffers: Min: 155, Avg: 157.0, Max: 159, Diff: 4, Sum: 471]
      [Scan RS (ms): Min: 0.4, Avg: 0.5, Max: 0.5, Diff: 0.0, Sum: 1.4]
      [Code Root Scanning (ms): Min: 0.0, Avg: 0.0, Max: 0.0, Diff: 0.0, Sum: 0.1]
      [Object Copy (ms): Min: 2.4, Avg: 2.5, Max: 2.7, Diff: 0.3, Sum: 7.6]
      [Termination (ms): Min: 0.0, Avg: 0.0, Max: 0.0, Diff: 0.0, Sum: 0.0]
         [Termination Attempts: Min: 1, Avg: 1.0, Max: 1, Diff: 0, Sum: 3]
      [GC Worker Other (ms): Min: 0.0, Avg: 0.1, Max: 0.1, Diff: 0.0, Sum: 0.2]
      [GC Worker Total (ms): Min: 18.9, Avg: 18.9, Max: 19.0, Diff: 0.1, Sum: 56.8]
      [GC Worker End (ms): Min: 1461894753.0, Avg: 1461894753.1, Max: 1461894753.1, Diff: 0.0]
   [Code Root Fixup: 0.0 ms]
   [Code Root Purge: 0.0 ms]
   [Clear CT: 0.6 ms]
   [Other: 5.8 ms]
      [Choose CSet: 0.0 ms]
      [Ref Proc: 3.6 ms]
      [Ref Enq: 0.1 ms]
      [Redirty Cards: 0.1 ms]
      [Humongous Register: 0.1 ms]
      [Humongous Reclaim: 0.1 ms]
      [Free CSet: 1.4 ms]
   [Eden: 3664.0M(3664.0M)->0.0B(3664.0M) Survivors: 8192.0K->8192.0K Heap: 5415.7M(6122.0M)->1705.1M(6122.0M)]
Heap after GC invocations=1237 (full 0):
 garbage-first heap   total 6268928K, used 1745992K [0x0000000641600000, 0x0000000641805fa8, 0x00000007c0000000)
  region size 2048K, 4 young (8192K), 4 survivors (8192K)
 Metaspace       used 160597K, capacity 164757K, committed 164912K, reserved 1193984K
  class space    used 19251K, capacity 19936K, committed 20016K, reserved 1048576K
}
 [Times: user=0.07 sys=0.00, real=0.03 secs]
{Heap before GC invocations=1237 (full 0):
 garbage-first heap   total 6268928K, used 5545926K [0x0000000641600000, 0x0000000641805fa8, 0x00000007c0000000)
  region size 2048K, 1836 young (3760128K), 4 survivors (8192K)
 Metaspace       used 160598K, capacity 164757K, committed 164912K, reserved 1193984K
  class space    used 19251K, capacity 19936K, committed 20016K, reserved 1048576K
2024-05-13T14:25:53.606+0200: 1463017.399: [GC pause (G1 Evacuation Pause) (young), 0.0290662 secs]
   [Parallel Time: 20.0 ms, GC Workers: 3]
      [GC Worker Start (ms): Min: 1463017399.8, Avg: 1463017399.8, Max: 1463017399.9, Diff: 0.1]
      [Ext Root Scanning (ms): Min: 3.2, Avg: 3.4, Max: 3.5, Diff: 0.3, Sum: 10.1]
      [Update RS (ms): Min: 13.2, Avg: 13.2, Max: 13.2, Diff: 0.0, Sum: 39.5]
         [Processed Buffers: Min: 140, Avg: 157.3, Max: 183, Diff: 43, Sum: 472]
      [Scan RS (ms): Min: 0.5, Avg: 0.5, Max: 0.5, Diff: 0.0, Sum: 1.5]
      [Code Root Scanning (ms): Min: 0.0, Avg: 0.0, Max: 0.0, Diff: 0.0, Sum: 0.1]
      [Object Copy (ms): Min: 2.7, Avg: 2.8, Max: 2.9, Diff: 0.2, Sum: 8.5]
      [Termination (ms): Min: 0.0, Avg: 0.0, Max: 0.0, Diff: 0.0, Sum: 0.0]
         [Termination Attempts: Min: 1, Avg: 1.0, Max: 1, Diff: 0, Sum: 3]
      [GC Worker Other (ms): Min: 0.0, Avg: 0.1, Max: 0.1, Diff: 0.0, Sum: 0.2]
      [GC Worker Total (ms): Min: 19.9, Avg: 19.9, Max: 20.0, Diff: 0.1, Sum: 59.8]
      [GC Worker End (ms): Min: 1463017419.8, Avg: 1463017419.8, Max: 1463017419.8, Diff: 0.0]
   [Code Root Fixup: 0.0 ms]
   [Code Root Purge: 0.0 ms]
   [Clear CT: 0.8 ms]
   [Other: 8.2 ms]
      [Choose CSet: 0.0 ms]
      [Ref Proc: 5.4 ms]
      [Ref Enq: 0.1 ms]
      [Redirty Cards: 0.1 ms]
      [Humongous Register: 0.2 ms]
      [Humongous Reclaim: 0.2 ms]
      [Free CSet: 1.9 ms]
   [Eden: 3664.0M(3664.0M)->0.0B(3664.0M) Survivors: 8192.0K->8192.0K Heap: 5415.9M(6122.0M)->1705.2M(6122.0M)]
Heap after GC invocations=1238 (full 0):
 garbage-first heap   total 6268928K, used 1746103K [0x0000000641600000, 0x0000000641805fa8, 0x00000007c0000000)
  region size 2048K, 4 young (8192K), 4 survivors (8192K)
 Metaspace       used 160598K, capacity 164757K, committed 164912K, reserved 1193984K
  class space    used 19251K, capacity 19936K, committed 20016K, reserved 1048576K
}
 [Times: user=0.07 sys=0.00, real=0.03 secs]
{Heap before GC invocations=1238 (full 0):
 garbage-first heap   total 6268928K, used 5542836K [0x0000000641600000, 0x0000000641805fa8, 0x00000007c0000000)
  region size 2048K, 1836 young (3760128K), 4 survivors (8192K)
 Metaspace       used 160599K, capacity 164757K, committed 164912K, reserved 1193984K
  class space    used 19251K, capacity 19936K, committed 20016K, reserved 1048576K
2024-05-13T14:44:38.069+0200: 1464141.862: [GC pause (G1 Evacuation Pause) (young), 0.0262133 secs]
   [Parallel Time: 20.1 ms, GC Workers: 3]
      [GC Worker Start (ms): Min: 1464141862.1, Avg: 1464141862.3, Max: 1464141862.8, Diff: 0.8]
      [Ext Root Scanning (ms): Min: 3.2, Avg: 3.6, Max: 4.1, Diff: 0.9, Sum: 10.8]
      [Update RS (ms): Min: 12.5, Avg: 12.5, Max: 12.5, Diff: 0.0, Sum: 37.6]
         [Processed Buffers: Min: 110, Avg: 149.0, Max: 188, Diff: 78, Sum: 447]
      [Scan RS (ms): Min: 0.4, Avg: 0.5, Max: 0.5, Diff: 0.1, Sum: 1.4]
      [Code Root Scanning (ms): Min: 0.0, Avg: 0.0, Max: 0.0, Diff: 0.0, Sum: 0.1]
      [Object Copy (ms): Min: 3.0, Avg: 3.1, Max: 3.3, Diff: 0.3, Sum: 9.3]
      [Termination (ms): Min: 0.0, Avg: 0.0, Max: 0.0, Diff: 0.0, Sum: 0.0]
         [Termination Attempts: Min: 1, Avg: 1.0, Max: 1, Diff: 0, Sum: 3]
      [GC Worker Other (ms): Min: 0.0, Avg: 0.0, Max: 0.1, Diff: 0.0, Sum: 0.1]
      [GC Worker Total (ms): Min: 19.3, Avg: 19.8, Max: 20.0, Diff: 0.7, Sum: 59.4]
      [GC Worker End (ms): Min: 1464141882.1, Avg: 1464141882.1, Max: 1464141882.1, Diff: 0.0]
   [Code Root Fixup: 0.0 ms]
   [Code Root Purge: 0.0 ms]
   [Clear CT: 0.5 ms]
   [Other: 5.6 ms]
      [Choose CSet: 0.0 ms]
      [Ref Proc: 3.5 ms]
      [Ref Enq: 0.1 ms]
      [Redirty Cards: 0.1 ms]
      [Humongous Register: 0.1 ms]
      [Humongous Reclaim: 0.1 ms]
      [Free CSet: 1.4 ms]
   [Eden: 3664.0M(3664.0M)->0.0B(3666.0M) Survivors: 8192.0K->6144.0K Heap: 5412.9M(6122.0M)->1704.3M(6122.0M)]
Heap after GC invocations=1239 (full 0):
 garbage-first heap   total 6268928K, used 1745164K [0x0000000641600000, 0x0000000641805fa8, 0x00000007c0000000)
  region size 2048K, 3 young (6144K), 3 survivors (6144K)
 Metaspace       used 160599K, capacity 164757K, committed 164912K, reserved 1193984K
  class space    used 19251K, capacity 19936K, committed 20016K, reserved 1048576K
}
 [Times: user=0.06 sys=0.00, real=0.03 secs]
